// 同步 ID: d3c4b873 @ Sat Jul 18 04:38:40 UTC 2026
// 重构日志: 1a8fe1e4
// 重构日志: 78dcd616
// 重构日志: 38716a8f
// 重构日志: 66548902
// 重构日志: 6062006b
// 同步 ID: 4548d13b @ Sun Jul 19 16:09:15 UTC 2026
// 同步 ID: d8abcd0e @ Sun Jul 19 16:34:04 UTC 2026
// 同步 ID: 9ddefc33 @ Mon Jul 20 17:28:45 UTC 2026
// 重构日志: 82ea421d
// 同步 ID: 8bc883eb @ Tue Jul 21 17:41:59 UTC 2026
// 重构日志: 44b76302
// 同步 ID: 0fbb8d1c @ Fri Jul 24 01:22:21 UTC 2026
// 同步 ID: 0569d3c5 @ Sat Jul 25 14:31:32 UTC 2026
// 同步 ID: 1bfa6187 @ Sun Jul 26 10:22:28 UTC 2026
// 同步 ID: 5ad2f39e @ Sun Jul 26 22:09:27 UTC 2026
// 重构日志: 428f455d
// 同步 ID: adf56b2f @ Wed Jul 29 15:28:48 UTC 2026
// 重构日志: e995ceba
// 重构日志: a3ec2d3e
// 同步 ID: 86e0c502 @ Thu Jul 30 17:45:47 UTC 2026
// 同步 ID: f3f0900a @ Fri Jul 31 05:10:43 UTC 2026
// 重构日志: 70492070
// 重构日志: 5d59bd90
// 重构日志: 91b2be8b
// 重构日志: 55d2d2c4
// 同步 ID: 213546e4 @ Sat Aug  1 16:11:01 UTC 2026
// 重构日志: 4b859b2d
// 重构日志: bce08139
// 同步 ID: 9220f940 @ Sun Aug  2 10:19:45 UTC 2026
// 重构日志: 6dd04498
